// Jest Snapshot v1, https://goo.gl/fbAQLP

exports[`renders a snapshot 1`] = `
<div
  className="App"
>
  <div>
    <div>
      <h2>
        GitHub Profile
      </h2>
      <div
        className="card"
        style={
          Object {
            "width": "18rem",
          }
        }
      >
        <div
          className="card-body"
        >
          <div
            className="card-title h5"
          >
            Github Page
          </div>
          <p
            className="card-text"
          >
            Username : QuadrupleTunde
            <img
              className="card-img"
              src="olapic.jpg"
              width="50px"
            />
          </p>
          <p
            className="card-text"
          >
            A very cool headed guy with positive demeanor, classic, energetic, passionation and a goal oriented persom. Possesses a problem solving skills, timely response to problem and providing adequate solution to it.
          </p>
        </div>
      </div>
    </div>
  </div>
</div>
`;
